2026-02-14 01:11:44 [background-preinit] INFO  org.hibernate.validator.internal.util.Version - HV000001: Hibernate Validator 8.0.0.Final
2026-02-14 01:11:44 [restartedMain] INFO  sn.seck.GestionCliniqueKissi.GestionCliniqueKissiApplication - Starting GestionCliniqueKissiApplication using Java 17.0.11 with PID 28948 (D:\GestionCliniqueKissi\target\classes started by bmd tech in D:\GestionCliniqueKissi)
2026-02-14 01:11:44 [restartedMain] INFO  sn.seck.GestionCliniqueKissi.GestionCliniqueKissiApplication - The following 1 profile is active: "Base_prod"
2026-02-14 01:11:45 [restartedMain] INFO  org.springframework.boot.devtools.env.DevToolsPropertyDefaultsPostProcessor - Devtools property defaults active! Set 'spring.devtools.add-properties' to 'false' to disable
2026-02-14 01:11:45 [restartedMain] INFO  org.springframework.boot.devtools.env.DevToolsPropertyDefaultsPostProcessor - For additional web related logging consider setting the 'logging.level.web' property to 'DEBUG'
2026-02-14 01:11:59 [restartedMain] INFO  org.springframework.data.repository.config.RepositoryConfigurationDelegate - Bootstrapping Spring Data JPA repositories in DEFAULT mode.
2026-02-14 01:12:03 [restartedMain] INFO  org.springframework.data.repository.config.RepositoryConfigurationDelegate - Finished Spring Data repository scanning in 3865 ms. Found 8 JPA repository interfaces.
2026-02-14 01:12:10 [restartedMain] INFO  org.springframework.boot.web.embedded.tomcat.TomcatWebServer - Tomcat initialized with port(s): 8190 (http)
2026-02-14 01:12:10 [restartedMain] INFO  org.apache.coyote.http11.Http11NioProtocol - Initializing ProtocolHandler ["http-nio-8190"]
2026-02-14 01:12:10 [restartedMain] INFO  org.apache.catalina.core.StandardService - Starting service [Tomcat]
2026-02-14 01:12:10 [restartedMain] INFO  org.apache.catalina.core.StandardEngine - Starting Servlet engine: [Apache Tomcat/10.1.8]
2026-02-14 01:12:11 [restartedMain] INFO  org.apache.catalina.core.ContainerBase.[Tomcat].[localhost].[/api/v1/ï¿½uth] - Initializing Spring embedded WebApplicationContext
2026-02-14 01:12:11 [restartedMain] INFO  org.springframework.boot.web.servlet.context.ServletWebServerApplicationContext - Root WebApplicationContext: initialization completed in 25107 ms
2026-02-14 01:12:12 [restartedMain] INFO  org.hibernate.jpa.internal.util.LogHelper - HHH000204: Processing PersistenceUnitInfo [name: default]
2026-02-14 01:12:12 [restartedMain] INFO  org.hibernate.Version - HHH000412: Hibernate ORM core version 6.1.7.Final
2026-02-14 01:12:13 [restartedMain] INFO  com.zaxxer.hikari.HikariDataSource - HikariPool-1 - Starting...
2026-02-14 01:12:15 [restartedMain] INFO  com.zaxxer.hikari.pool.HikariPool - HikariPool-1 - Added connection org.postgresql.jdbc.PgConnection@4c1d6933
2026-02-14 01:12:15 [restartedMain] INFO  com.zaxxer.hikari.HikariDataSource - HikariPool-1 - Start completed.
2026-02-14 01:12:15 [restartedMain] INFO  SQL dialect - HHH000400: Using dialect: org.hibernate.dialect.PostgreSQLDialect
2026-02-14 01:12:22 [restartedMain] INFO  org.hibernate.engine.transaction.jta.platform.internal.JtaPlatformInitiator - HHH000490: Using JtaPlatform implementation: [org.hibernate.engine.transaction.jta.platform.internal.NoJtaPlatform]
2026-02-14 01:12:22 [restartedMain] INFO  org.springframework.orm.jpa.LocalContainerEntityManagerFactoryBean - Initialized JPA EntityManagerFactory for persistence unit 'default'
2026-02-14 01:12:29 [restartedMain] WARN  org.springframework.boot.autoconfigure.orm.jpa.JpaBaseConfiguration$JpaWebConfiguration - spring.jpa.open-in-view is enabled by default. Therefore, database queries may be performed during view rendering. Explicitly configure spring.jpa.open-in-view to disable this warning
2026-02-14 01:12:32 [restartedMain] INFO  org.apache.coyote.http11.Http11NioProtocol - Starting ProtocolHandler ["http-nio-8190"]
2026-02-14 01:12:32 [restartedMain] INFO  org.springframework.boot.web.embedded.tomcat.TomcatWebServer - Tomcat started on port(s): 8190 (http) with context path '/api/v1/ï¿½uth'
2026-02-14 01:12:32 [restartedMain] INFO  org.springframework.boot.devtools.autoconfigure.OptionalLiveReloadServer - LiveReload server is running on port 35729
2026-02-14 01:12:33 [restartedMain] INFO  sn.seck.GestionCliniqueKissi.GestionCliniqueKissiApplication - Started GestionCliniqueKissiApplication in 50.219 seconds (process running for 55.8)
2026-02-14 13:08:21 [main] INFO  org.springframework.test.context.support.AnnotationConfigContextLoaderUtils - Could not detect default configuration classes for test class [sn.seck.GestionCliniqueKissi.GestionCliniqueKissiApplicationTests]: GestionCliniqueKissiApplicationTests does not declare any static, non-private, non-final, nested classes annotated with @Configuration.
2026-02-14 13:08:22 [main] INFO  org.springframework.boot.test.context.SpringBootTestContextBootstrapper - Found @SpringBootConfiguration sn.seck.GestionCliniqueKissi.GestionCliniqueKissiApplication for test class sn.seck.GestionCliniqueKissi.GestionCliniqueKissiApplicationTests
2026-02-14 13:08:23 [background-preinit] INFO  org.hibernate.validator.internal.util.Version - HV000001: Hibernate Validator 8.0.0.Final
2026-02-14 13:08:23 [main] INFO  sn.seck.GestionCliniqueKissi.GestionCliniqueKissiApplicationTests - Starting GestionCliniqueKissiApplicationTests using Java 17.0.11 with PID 23548 (started by bmd tech in D:\GestionCliniqueKissi)
2026-02-14 13:08:23 [main] INFO  sn.seck.GestionCliniqueKissi.GestionCliniqueKissiApplicationTests - No active profile set, falling back to 1 default profile: "default"
2026-02-14 13:08:27 [main] INFO  org.springframework.data.repository.config.RepositoryConfigurationDelegate - Bootstrapping Spring Data JPA repositories in DEFAULT mode.
2026-02-14 13:08:27 [main] INFO  org.springframework.data.repository.config.RepositoryConfigurationDelegate - Finished Spring Data repository scanning in 138 ms. Found 8 JPA repository interfaces.
2026-02-14 13:08:30 [main] INFO  org.hibernate.jpa.internal.util.LogHelper - HHH000204: Processing PersistenceUnitInfo [name: default]
2026-02-14 13:08:30 [main] INFO  org.hibernate.Version - HHH000412: Hibernate ORM core version 6.1.7.Final
2026-02-14 13:08:31 [main] INFO  com.zaxxer.hikari.HikariDataSource - HikariPool-1 - Starting...
2026-02-14 13:08:32 [main] INFO  com.zaxxer.hikari.pool.HikariPool - HikariPool-1 - Added connection org.postgresql.jdbc.PgConnection@4cacccbf
2026-02-14 13:08:32 [main] INFO  com.zaxxer.hikari.HikariDataSource - HikariPool-1 - Start completed.
2026-02-14 13:08:32 [main] INFO  SQL dialect - HHH000400: Using dialect: org.hibernate.dialect.PostgreSQLDialect
2026-02-14 13:08:37 [main] INFO  org.hibernate.engine.transaction.jta.platform.internal.JtaPlatformInitiator - HHH000490: Using JtaPlatform implementation: [org.hibernate.engine.transaction.jta.platform.internal.NoJtaPlatform]
2026-02-14 13:08:37 [main] INFO  org.springframework.orm.jpa.LocalContainerEntityManagerFactoryBean - Initialized JPA EntityManagerFactory for persistence unit 'default'
2026-02-14 13:08:40 [main] WARN  org.springframework.boot.autoconfigure.orm.jpa.JpaBaseConfiguration$JpaWebConfiguration - spring.jpa.open-in-view is enabled by default. Therefore, database queries may be performed during view rendering. Explicitly configure spring.jpa.open-in-view to disable this warning
2026-02-14 13:08:41 [main] INFO  sn.seck.GestionCliniqueKissi.GestionCliniqueKissiApplicationTests - Started GestionCliniqueKissiApplicationTests in 19.201 seconds (process running for 21.92)
2026-02-14 13:08:43 [SpringApplicationShutdownHook] INFO  org.springframework.orm.jpa.LocalContainerEntityManagerFactoryBean - Closing JPA EntityManagerFactory for persistence unit 'default'
2026-02-14 13:08:43 [SpringApplicationShutdownHook] INFO  com.zaxxer.hikari.HikariDataSource - HikariPool-1 - Shutdown initiated...
2026-02-14 13:08:43 [SpringApplicationShutdownHook] INFO  com.zaxxer.hikari.HikariDataSource - HikariPool-1 - Shutdown completed.
2026-02-14 17:28:52 [main] INFO  org.springframework.test.context.support.AnnotationConfigContextLoaderUtils - Could not detect default configuration classes for test class [sn.seck.GestionCliniqueKissi.GestionCliniqueKissiApplicationTests]: GestionCliniqueKissiApplicationTests does not declare any static, non-private, non-final, nested classes annotated with @Configuration.
2026-02-14 17:28:53 [main] INFO  org.springframework.boot.test.context.SpringBootTestContextBootstrapper - Found @SpringBootConfiguration sn.seck.GestionCliniqueKissi.GestionCliniqueKissiApplication for test class sn.seck.GestionCliniqueKissi.GestionCliniqueKissiApplicationTests
2026-02-14 17:28:54 [background-preinit] INFO  org.hibernate.validator.internal.util.Version - HV000001: Hibernate Validator 8.0.0.Final
2026-02-14 17:28:54 [main] INFO  sn.seck.GestionCliniqueKissi.GestionCliniqueKissiApplicationTests - Starting GestionCliniqueKissiApplicationTests using Java 17.0.11 with PID 12136 (started by bmd tech in D:\GestionCliniqueKissi)
2026-02-14 17:28:54 [main] INFO  sn.seck.GestionCliniqueKissi.GestionCliniqueKissiApplicationTests - No active profile set, falling back to 1 default profile: "default"
2026-02-14 17:28:56 [main] INFO  org.springframework.data.repository.config.RepositoryConfigurationDelegate - Bootstrapping Spring Data JPA repositories in DEFAULT mode.
2026-02-14 17:28:57 [main] INFO  org.springframework.data.repository.config.RepositoryConfigurationDelegate - Finished Spring Data repository scanning in 138 ms. Found 8 JPA repository interfaces.
2026-02-14 17:28:59 [main] INFO  org.hibernate.jpa.internal.util.LogHelper - HHH000204: Processing PersistenceUnitInfo [name: default]
2026-02-14 17:28:59 [main] INFO  org.hibernate.Version - HHH000412: Hibernate ORM core version 6.1.7.Final
2026-02-14 17:29:00 [main] INFO  com.zaxxer.hikari.HikariDataSource - HikariPool-1 - Starting...
2026-02-14 17:29:00 [main] INFO  com.zaxxer.hikari.pool.HikariPool - HikariPool-1 - Added connection org.postgresql.jdbc.PgConnection@56e8a8a0
2026-02-14 17:29:00 [main] INFO  com.zaxxer.hikari.HikariDataSource - HikariPool-1 - Start completed.
2026-02-14 17:29:01 [main] INFO  SQL dialect - HHH000400: Using dialect: org.hibernate.dialect.PostgreSQLDialect
2026-02-14 17:29:03 [main] INFO  org.hibernate.engine.transaction.jta.platform.internal.JtaPlatformInitiator - HHH000490: Using JtaPlatform implementation: [org.hibernate.engine.transaction.jta.platform.internal.NoJtaPlatform]
2026-02-14 17:29:03 [main] INFO  org.springframework.orm.jpa.LocalContainerEntityManagerFactoryBean - Initialized JPA EntityManagerFactory for persistence unit 'default'
2026-02-14 17:29:05 [main] WARN  org.springframework.boot.autoconfigure.orm.jpa.JpaBaseConfiguration$JpaWebConfiguration - spring.jpa.open-in-view is enabled by default. Therefore, database queries may be performed during view rendering. Explicitly configure spring.jpa.open-in-view to disable this warning
2026-02-14 17:29:07 [main] INFO  sn.seck.GestionCliniqueKissi.GestionCliniqueKissiApplicationTests - Started GestionCliniqueKissiApplicationTests in 13.891 seconds (process running for 16.405)
2026-02-14 17:29:11 [SpringApplicationShutdownHook] INFO  org.springframework.orm.jpa.LocalContainerEntityManagerFactoryBean - Closing JPA EntityManagerFactory for persistence unit 'default'
2026-02-14 17:29:11 [SpringApplicationShutdownHook] INFO  com.zaxxer.hikari.HikariDataSource - HikariPool-1 - Shutdown initiated...
2026-02-14 17:29:11 [SpringApplicationShutdownHook] INFO  com.zaxxer.hikari.HikariDataSource - HikariPool-1 - Shutdown completed.
2026-02-14 21:33:33 [background-preinit] INFO  org.hibernate.validator.internal.util.Version - HV000001: Hibernate Validator 8.0.0.Final
2026-02-14 21:33:33 [restartedMain] INFO  sn.seck.GestionCliniqueKissi.GestionCliniqueKissiApplication - Starting GestionCliniqueKissiApplication using Java 17.0.11 with PID 29476 (D:\GestionCliniqueKissi\target\classes started by bmd tech in D:\GestionCliniqueKissi)
2026-02-14 21:33:33 [restartedMain] INFO  sn.seck.GestionCliniqueKissi.GestionCliniqueKissiApplication - The following 1 profile is active: "Base_prod"
2026-02-14 21:33:34 [restartedMain] INFO  org.springframework.boot.devtools.env.DevToolsPropertyDefaultsPostProcessor - Devtools property defaults active! Set 'spring.devtools.add-properties' to 'false' to disable
2026-02-14 21:33:34 [restartedMain] INFO  org.springframework.boot.devtools.env.DevToolsPropertyDefaultsPostProcessor - For additional web related logging consider setting the 'logging.level.web' property to 'DEBUG'
2026-02-14 21:33:36 [restartedMain] INFO  org.springframework.data.repository.config.RepositoryConfigurationDelegate - Bootstrapping Spring Data JPA repositories in DEFAULT mode.
2026-02-14 21:33:36 [restartedMain] INFO  org.springframework.data.repository.config.RepositoryConfigurationDelegate - Finished Spring Data repository scanning in 137 ms. Found 8 JPA repository interfaces.
2026-02-14 21:33:40 [restartedMain] INFO  org.springframework.boot.web.embedded.tomcat.TomcatWebServer - Tomcat initialized with port(s): 8190 (http)
2026-02-14 21:33:40 [restartedMain] INFO  org.apache.coyote.http11.Http11NioProtocol - Initializing ProtocolHandler ["http-nio-8190"]
2026-02-14 21:33:40 [restartedMain] INFO  org.apache.catalina.core.StandardService - Starting service [Tomcat]
2026-02-14 21:33:40 [restartedMain] INFO  org.apache.catalina.core.StandardEngine - Starting Servlet engine: [Apache Tomcat/10.1.8]
2026-02-14 21:33:40 [restartedMain] INFO  org.apache.catalina.core.ContainerBase.[Tomcat].[localhost].[/api/v1/ï¿½uth] - Initializing Spring embedded WebApplicationContext
2026-02-14 21:33:40 [restartedMain] INFO  org.springframework.boot.web.servlet.context.ServletWebServerApplicationContext - Root WebApplicationContext: initialization completed in 6151 ms
2026-02-14 21:33:41 [restartedMain] INFO  org.hibernate.jpa.internal.util.LogHelper - HHH000204: Processing PersistenceUnitInfo [name: default]
2026-02-14 21:33:41 [restartedMain] INFO  org.hibernate.Version - HHH000412: Hibernate ORM core version 6.1.7.Final
2026-02-14 21:33:41 [restartedMain] INFO  com.zaxxer.hikari.HikariDataSource - HikariPool-1 - Starting...
2026-02-14 21:33:42 [restartedMain] INFO  com.zaxxer.hikari.pool.HikariPool - HikariPool-1 - Added connection org.postgresql.jdbc.PgConnection@441b3269
2026-02-14 21:33:42 [restartedMain] INFO  com.zaxxer.hikari.HikariDataSource - HikariPool-1 - Start completed.
2026-02-14 21:33:42 [restartedMain] INFO  SQL dialect - HHH000400: Using dialect: org.hibernate.dialect.PostgreSQLDialect
2026-02-14 21:33:46 [restartedMain] INFO  org.hibernate.engine.transaction.jta.platform.internal.JtaPlatformInitiator - HHH000490: Using JtaPlatform implementation: [org.hibernate.engine.transaction.jta.platform.internal.NoJtaPlatform]
2026-02-14 21:33:46 [restartedMain] INFO  org.springframework.orm.jpa.LocalContainerEntityManagerFactoryBean - Initialized JPA EntityManagerFactory for persistence unit 'default'
2026-02-14 21:33:48 [restartedMain] WARN  org.springframework.boot.autoconfigure.orm.jpa.JpaBaseConfiguration$JpaWebConfiguration - spring.jpa.open-in-view is enabled by default. Therefore, database queries may be performed during view rendering. Explicitly configure spring.jpa.open-in-view to disable this warning
2026-02-14 21:33:49 [restartedMain] INFO  org.apache.coyote.http11.Http11NioProtocol - Starting ProtocolHandler ["http-nio-8190"]
2026-02-14 21:33:49 [restartedMain] INFO  org.springframework.boot.web.embedded.tomcat.TomcatWebServer - Tomcat started on port(s): 8190 (http) with context path '/api/v1/ï¿½uth'
2026-02-14 21:33:49 [restartedMain] INFO  org.springframework.boot.devtools.autoconfigure.OptionalLiveReloadServer - LiveReload server is running on port 35729
2026-02-14 21:33:49 [restartedMain] INFO  sn.seck.GestionCliniqueKissi.GestionCliniqueKissiApplication - Started GestionCliniqueKissiApplication in 16.939 seconds (process running for 20.699)
2026-02-14 21:35:22 [SpringApplicationShutdownHook] INFO  org.springframework.orm.jpa.LocalContainerEntityManagerFactoryBean - Closing JPA EntityManagerFactory for persistence unit 'default'
2026-02-14 21:35:22 [SpringApplicationShutdownHook] INFO  com.zaxxer.hikari.HikariDataSource - HikariPool-1 - Shutdown initiated...
2026-02-14 21:35:22 [SpringApplicationShutdownHook] INFO  com.zaxxer.hikari.HikariDataSource - HikariPool-1 - Shutdown completed.
2026-02-14 21:35:33 [background-preinit] INFO  org.hibernate.validator.internal.util.Version - HV000001: Hibernate Validator 8.0.0.Final
2026-02-14 21:35:33 [restartedMain] INFO  sn.seck.GestionCliniqueKissi.GestionCliniqueKissiApplication - Starting GestionCliniqueKissiApplication using Java 17.0.11 with PID 23056 (D:\GestionCliniqueKissi\target\classes started by bmd tech in D:\GestionCliniqueKissi)
2026-02-14 21:35:33 [restartedMain] INFO  sn.seck.GestionCliniqueKissi.GestionCliniqueKissiApplication - The following 1 profile is active: "Base_prod"
2026-02-14 21:35:33 [restartedMain] INFO  org.springframework.boot.devtools.env.DevToolsPropertyDefaultsPostProcessor - Devtools property defaults active! Set 'spring.devtools.add-properties' to 'false' to disable
2026-02-14 21:35:33 [restartedMain] INFO  org.springframework.boot.devtools.env.DevToolsPropertyDefaultsPostProcessor - For additional web related logging consider setting the 'logging.level.web' property to 'DEBUG'
2026-02-14 21:35:35 [restartedMain] INFO  org.springframework.data.repository.config.RepositoryConfigurationDelegate - Bootstrapping Spring Data JPA repositories in DEFAULT mode.
2026-02-14 21:35:35 [restartedMain] INFO  org.springframework.data.repository.config.RepositoryConfigurationDelegate - Finished Spring Data repository scanning in 92 ms. Found 8 JPA repository interfaces.
2026-02-14 21:35:39 [restartedMain] INFO  org.springframework.boot.web.embedded.tomcat.TomcatWebServer - Tomcat initialized with port(s): 8190 (http)
2026-02-14 21:35:39 [restartedMain] INFO  org.apache.coyote.http11.Http11NioProtocol - Initializing ProtocolHandler ["http-nio-8190"]
2026-02-14 21:35:39 [restartedMain] INFO  org.apache.catalina.core.StandardService - Starting service [Tomcat]
2026-02-14 21:35:39 [restartedMain] INFO  org.apache.catalina.core.StandardEngine - Starting Servlet engine: [Apache Tomcat/10.1.8]
2026-02-14 21:35:39 [restartedMain] INFO  org.apache.catalina.core.ContainerBase.[Tomcat].[localhost].[/api/v1/ï¿½uth] - Initializing Spring embedded WebApplicationContext
2026-02-14 21:35:39 [restartedMain] INFO  org.springframework.boot.web.servlet.context.ServletWebServerApplicationContext - Root WebApplicationContext: initialization completed in 5923 ms
2026-02-14 21:35:40 [restartedMain] INFO  org.hibernate.jpa.internal.util.LogHelper - HHH000204: Processing PersistenceUnitInfo [name: default]
2026-02-14 21:35:40 [restartedMain] INFO  org.hibernate.Version - HHH000412: Hibernate ORM core version 6.1.7.Final
2026-02-14 21:35:41 [restartedMain] INFO  com.zaxxer.hikari.HikariDataSource - HikariPool-1 - Starting...
2026-02-14 21:35:42 [restartedMain] INFO  com.zaxxer.hikari.pool.HikariPool - HikariPool-1 - Added connection org.postgresql.jdbc.PgConnection@21b2a1e5
2026-02-14 21:35:42 [restartedMain] INFO  com.zaxxer.hikari.HikariDataSource - HikariPool-1 - Start completed.
2026-02-14 21:35:42 [restartedMain] INFO  SQL dialect - HHH000400: Using dialect: org.hibernate.dialect.PostgreSQLDialect
2026-02-14 21:35:44 [restartedMain] INFO  org.hibernate.engine.transaction.jta.platform.internal.JtaPlatformInitiator - HHH000490: Using JtaPlatform implementation: [org.hibernate.engine.transaction.jta.platform.internal.NoJtaPlatform]
2026-02-14 21:35:44 [restartedMain] INFO  org.springframework.orm.jpa.LocalContainerEntityManagerFactoryBean - Initialized JPA EntityManagerFactory for persistence unit 'default'
2026-02-14 21:35:46 [restartedMain] WARN  org.springframework.boot.autoconfigure.orm.jpa.JpaBaseConfiguration$JpaWebConfiguration - spring.jpa.open-in-view is enabled by default. Therefore, database queries may be performed during view rendering. Explicitly configure spring.jpa.open-in-view to disable this warning
2026-02-14 21:35:46 [restartedMain] INFO  org.apache.coyote.http11.Http11NioProtocol - Starting ProtocolHandler ["http-nio-8190"]
2026-02-14 21:35:46 [restartedMain] INFO  org.springframework.boot.web.embedded.tomcat.TomcatWebServer - Tomcat started on port(s): 8190 (http) with context path '/api/v1/ï¿½uth'
2026-02-14 21:35:46 [restartedMain] INFO  org.springframework.boot.devtools.autoconfigure.OptionalLiveReloadServer - LiveReload server is running on port 35729
2026-02-14 21:35:46 [restartedMain] INFO  sn.seck.GestionCliniqueKissi.GestionCliniqueKissiApplication - Started GestionCliniqueKissiApplication in 14.193 seconds (process running for 16.673)
